// Jest Snapshot v1, https://goo.gl/fbAQLP

exports[`Service: gh-pubsub: RegisterCache Checking Cache Key Scanning should return keys *assuming* matching a search key 1`] = `
Array [
  Object {
    "eventClassifications": Array [
      "class1",
      "class3",
    ],
    "socketId": "fakeSocketId",
    "target": "testPlatform-testConnectTarget",
  },
]
`;

exports[`Service: gh-pubsub: RegisterCache Checking Cache should return an error response if not registered 1`] = `
Object {
  "error": "testPlatform->testConnectTarget was never registered for this client!",
  "pubsub": Object {
    "connectTarget": "testConnectTarget",
    "platformName": "testPlatform",
  },
  "type": "messaging",
  "unregistered": false,
}
`;
